reg__17: 
logic__84: 
logic__169: 
logic__91: 
muxpart__5: 
logic__89: 
reg__7: 
reg__9: 
case__51: 
datapath__11: 
logic__164: 
case__17: 
logic__143: 
logic__18: 
datapath__7: 
logic__87: 
datapath__8: 
case__9: 
case__16: 
logic__60: 
case__50: 
reg__2: 
logic__79: 
logic__10: 
logic__86: 
case__29: 
logic__180: 
logic__82: 
datapath__17: 
datapath__12: 
case__23: 
logic__177: 
muxpart__3: 
datapath__10: 
logic__185: 
case__20: 
reg__14: 
logic__76: 
datapath__3: 
logic__12: 
logic__85: 
case__4: 
logic__166: 
logic__78: 
case__28: 
logic__131: 
case__49: 
logic__111: 
case__32: 
case__35: 
logic__150: 
case__10: 
logic__203: 
logic__129: 
logic__138: 
case__21: 
logic__124: 
logic__176: 
logic__128: 
logic__29: 
logic__184: 
logic__127: 
logic__47: 
datapath__2: 
logic__23: 
logic__32: 
logic__163: 
logic__173: 
logic__170: 
logic__81: 
logic__44: 
logic__142: 
fixMul: 
logic__174: 
logic__146: 
logic__162: 
logic__125: 
logic__109: 
datapath: 
logic__165: 
logic__88: 
logic__175: 
logic__30: 
logic__64: 
reg__5: 
reg__12: 
reg__16: 
muxpart__4: 
reg__15: 
case__18: 
logic__54: 
logic__14: 
case__41: 
datapath__4: 
logic__168: 
reg__4: 
reg__13: 
logic__21: 
logic__55: 
case__33: 
datapath__9: 
case__44: 
datapath__5: 
logic__19: 
dsp48e1__3: 
reg: 
case__37: 
logic__24: 
case__30: 
logic__188: 
dsp48e1: 
reg__6: 
case__5: 
muxpart__6: 
reg__3: 
muxpart: 
logic__20: 
logic__110: 
case__25: 
datapath__13: 
logic__160: 
logic__15: 
reg__18: 
case__47: 
case__7: 
multiplierfsm_v2: 
case__27: 
logic__38: 
logic__31: 
logic__68: 
logic__22: 
case__19: 
logic__27: 
pla: 
case__15: 
dsp48e1__1: 
case__43: 
case__24: 
reg__19: 
neuronio: 
case__46: 
case__36: 
logic__11: 
case__13: 
logic__132: 
case__52: 
case__8: 
logic__25: 
logic__26: 
case__34: 
case__48: 
logic__161: 
datapath__14: 
logic__75: 
datapath__19: 
logic__167: 
logic__53: 
logic__172: 
case__22: 
logic__90: 
case__31: 
case__39: 
logic__13: 
reg__11: 
logic__126: 
logic__77: 
addsubfsm_v6: 
logic__130: 
datapath__6: 
datapath__18: 
reg__8: 
logic__83: 
case__12: 
datapath__15: 
dsp48e1__2: 
case: 
case__14: 
logic__80: 
logic__179: 
reg__10: 
logic__178: 
case__6: 
case__38: 
reg__1: 
logic__28: 
logic__59: 
datapath__16: 
case__45: 
case__26: 
logic__112: 
logic__9: 
logic__196: 
case__11: 
divNR: 
datapath__1: 
